******************************************************************************
                  TI ARM Linker PC v15.12.1                    
******************************************************************************
>> Linked Sat Apr 30 01:19:40 2016

OUTPUT FILE NAME:   <oled.out>
ENTRY POINT SYMBOL: "_c_int00"  address: 00000dd9


MEMORY CONFIGURATION

         name            origin    length      used     unused   attr    fill
----------------------  --------  ---------  --------  --------  ----  --------
  FLASH                 00000000   00040000  00001886  0003e77a  R  X
  SRAM                  20000000   00008000  00000524  00007adc  RW X


SEGMENT ALLOCATION MAP

run origin  load origin   length   init length attrs members
----------  ----------- ---------- ----------- ----- -------
00000000    00000000    0000188c   0000188c    r-x
  00000000    00000000    0000026c   0000026c    r-- .intvecs
  0000026c    0000026c    000010b2   000010b2    r-x .text
  00001320    00001320    0000030c   0000030c    r-- .const
  00001630    00001630    0000025c   0000025c    r-- .cinit
20000000    20000000    00000524   00000000    rw-
  20000000    20000000    00000420   00000000    rw- .data
  20000420    20000420    00000100   00000000    rw- .stack
  20000520    20000520    00000004   00000000    rw- .bss


SECTION ALLOCATION MAP

 output                                  attributes/
section   page    origin      length       input sections
--------  ----  ----------  ----------   ----------------
.intvecs   0    00000000    0000026c     
                  00000000    0000026c     startup_ccs.obj (.intvecs)

.text      0    0000026c    000010b2     
                  0000026c    0000030c     project0.obj (.text:UARTvprintf)
                  00000578    00000154     project0.obj (.text:oledInit)
                  000006cc    00000132     driverlib.lib : gpio.obj (.text:GPIOPadConfigSet)
                  000007fe    00000002     startup_ccs.obj (.text:FaultISR)
                  00000800    00000110     driverlib.lib : sysctl.obj (.text:SysCtlClockGet)
                  00000910    000000f4                   : sysctl.obj (.text:SysCtlClockSet)
                  00000a04    000000bc     project0.obj (.text:SSI_init)
                  00000ac0    0000009c     rtsv7M4_T_le_v4SPD16_eabi.lib : memcpy_t2.obj (.text)
                  00000b5c    0000007a                                   : memset_t2.obj (.text)
                  00000bd6    00000002     startup_ccs.obj (.text:IntDefaultHandler)
                  00000bd8    00000074     project0.obj (.text:UARTStdioConfig)
                  00000c4c    00000070     rtsv7M4_T_le_v4SPD16_eabi.lib : autoinit.obj (.text)
                  00000cbc    0000006a                                   : copy_decompress_rle.obj (.text)
                  00000d26    00000002     startup_ccs.obj (.text:NmiSR)
                  00000d28    0000005c     project0.obj (.text:UARTwrite)
                  00000d84    00000054     project0.obj (.text:Timer0IntHandler)
                  00000dd8    00000054     rtsv7M4_T_le_v4SPD16_eabi.lib : boot.obj (.text)
                  00000e2c    00000054                                   : exit.obj (.text)
                  00000e80    00000050     driverlib.lib : sysctl.obj (.text:SysCtlPeripheralReset)
                  00000ed0    0000004c     project0.obj (.text:InitConsole)
                  00000f1c    0000004c     project0.obj (.text:main)
                  00000f68    0000004c     project0.obj (.text:oledWrite)
                  00000fb4    0000004c     project0.obj (.text:oledWriteText)
                  00001000    0000004c     rtsv7M4_T_le_v4SPD16_eabi.lib : cpy_tbl.obj (.text)
                  0000104c    00000048     driverlib.lib : gpio.obj (.text:GPIOPinConfigure)
                  00001094    00000040     rtsv7M4_T_le_v4SPD16_eabi.lib : u_divt2.obj (.text)
                  000010d4    0000003c     driverlib.lib : ssi.obj (.text:SSIConfigSetExpClk)
                  00001110    00000034                   : sysctl.obj (.text:SysCtlPeripheralEnable)
                  00001144    00000030     project0.obj (.text:SSI_write)
                  00001174    00000030     project0.obj (.text:oledClear)
                  000011a4    0000002a     driverlib.lib : gpio.obj (.text:GPIODirModeSet)
                  000011ce    00000024     project0.obj (.text:UARTprintf)
                  000011f2    0000001c     project0.obj (.text:oledPrintln)
                  0000120e    00000018     driverlib.lib : gpio.obj (.text:GPIOPinTypeGPIOOutput)
                  00001226    00000002     rtsv7M4_T_le_v4SPD16_eabi.lib : i_div0.obj (.text)
                  00001228    00000018                                   : args_main.obj (.text)
                  00001240    00000014     driverlib.lib : systick.obj (.text:SysTickEnable)
                  00001254    00000014     rtsv7M4_T_le_v4SPD16_eabi.lib : _lock.obj (.text)
                  00001268    00000012     driverlib.lib : gpio.obj (.text:GPIOPinTypeSSI)
                  0000127a    00000012                   : gpio.obj (.text:GPIOPinTypeUART)
                  0000128c    00000012                   : ssi.obj (.text:SSIDataGetNonBlocking)
                  0000129e    00000002     rtsv7M4_T_le_v4SPD16_eabi.lib : mpu_init.obj (.text)
                  000012a0    00000010     driverlib.lib : systick.obj (.text:SysTickPeriodSet)
                  000012b0    0000000e     rtsv7M4_T_le_v4SPD16_eabi.lib : copy_decompress_none.obj (.text:decompress:none)
                  000012be    0000000c     driverlib.lib : ssi.obj (.text:SSIDataGet)
                  000012ca    0000000a                   : ssi.obj (.text:SSIDataPut)
                  000012d4    0000000a                   : ssi.obj (.text:SSIDisable)
                  000012de    0000000a                   : ssi.obj (.text:SSIEnable)
                  000012e8    00000008                   : ssi.obj (.text:SSIBusy)
                  000012f0    00000006                   : gpio.obj (.text:GPIOPinWrite)
                  000012f6    00000006     startup_ccs.obj (.text:ResetISR)
                  000012fc    00000006     driverlib.lib : ssi.obj (.text:SSIClockSourceSet)
                  00001302    00000006                   : sysctl.obj (.text:SysCtlDelay)
                  00001308    00000006                   : uart.obj (.text:UARTClockSourceSet)
                  0000130e    00000006     rtsv7M4_T_le_v4SPD16_eabi.lib : copy_decompress_rle.obj (.text:decompress:rle24)
                  00001314    00000004     driverlib.lib : timer.obj (.text:TimerIntClear)
                  00001318    00000004     rtsv7M4_T_le_v4SPD16_eabi.lib : pre_init.obj (.text)
                  0000131c    00000002                                   : startup.obj (.text)

.const     0    00001320    0000030c     
                  00001320    000001e0     project0.obj (.const:ASCII)
                  00001500    00000090     driverlib.lib : gpio.obj (.const:g_pui32GPIOBaseAddrs)
                  00001590    0000006c                   : sysctl.obj (.const:g_pui32Xtals)
                  000015fc    00000012     project0.obj (.const:.string)
                  0000160e    00000002     --HOLE-- [fill = 0]
                  00001610    0000000c     project0.obj (.const:g_ui32UARTBase)
                  0000161c    0000000c     project0.obj (.const:g_ui32UARTPeriph)
                  00001628    00000004     project0.obj (.const)

.cinit     0    00001630    0000025c     
                  00001630    00000235     (.cinit..data.load) [load image, compression = rle]
                  00001865    00000003     --HOLE-- [fill = 0]
                  00001868    00000009     (.cinit..bss.load) [load image, compression = rle]
                  00001871    00000003     --HOLE-- [fill = 0]
                  00001874    00000008     (__TI_handler_table)
                  0000187c    00000010     (__TI_cinit_table)

.init_array 
*          0    00000000    00000000     UNINITIALIZED

.data      0    20000000    00000420     UNINITIALIZED
                  20000000    00000400     project0.obj (.data:buffer)
                  20000400    0000000c     rtsv7M4_T_le_v4SPD16_eabi.lib : exit.obj (.data:$O1$$)
                  2000040c    00000008                                   : _lock.obj (.data:$O1$$)
                  20000414    00000005     project0.obj (.data)
                  20000419    00000003     --HOLE--
                  2000041c    00000004     rtsv7M4_T_le_v4SPD16_eabi.lib : stkdepth_vars.obj (.data)

.stack     0    20000420    00000100     UNINITIALIZED
                  20000420    00000100     --HOLE--

.bss       0    20000520    00000004     UNINITIALIZED
                  20000520    00000004     (.common:timerACounter)

MODULE SUMMARY

       Module                     code   ro data   rw data
       ------                     ----   -------   -------
    .\
       project0.obj               2064   526       1033   
       startup_ccs.obj            12     620       0      
    +--+--------------------------+------+---------+---------+
       Total:                     2076   1146      1033   
                                                          
    C:\ti\ccsv6\tools\compiler\ti-cgt-arm_15.12.1.LTS\lib\rtsv7M4_T_le_v4SPD16_eabi.lib
       memcpy_t2.obj              156    0         0      
       memset_t2.obj              122    0         0      
       autoinit.obj               112    0         0      
       copy_decompress_rle.obj    112    0         0      
       exit.obj                   84     0         12     
       boot.obj                   84     0         0      
       cpy_tbl.obj                76     0         0      
       u_divt2.obj                64     0         0      
       _lock.obj                  20     0         8      
       args_main.obj              24     0         0      
       copy_decompress_none.obj   14     0         0      
       pre_init.obj               4      0         0      
       stkdepth_vars.obj          0      0         4      
       i_div0.obj                 2      0         0      
       mpu_init.obj               2      0         0      
       startup.obj                2      0         0      
    +--+--------------------------+------+---------+---------+
       Total:                     878    0         24     
                                                          
    c:/Ti/TivaWare/examples/boards/ek-tm4c123gxl/project0/ccs/../../../../../driverlib/ccs/Debug/driverlib.lib
       sysctl.obj                 654    108       0      
       gpio.obj                   486    144       0      
       ssi.obj                    134    0         0      
       systick.obj                36     0         0      
       uart.obj                   6      0         0      
       timer.obj                  4      0         0      
    +--+--------------------------+------+---------+---------+
       Total:                     1320   252       0      
                                                          
       Stack:                     0      0         256    
       Linker Generated:          0      598       0      
    +--+--------------------------+------+---------+---------+
       Grand Total:               4274   1996      1313   


LINKER GENERATED COPY TABLES

__TI_cinit_table @ 0000187c records: 2, size/record: 8, table size: 16
	.data: load addr=00001630, load size=00000235 bytes, run addr=20000000, run size=00000420 bytes, compression=rle
	.bss: load addr=00001868, load size=00000009 bytes, run addr=20000520, run size=00000004 bytes, compression=rle


LINKER GENERATED HANDLER TABLE

__TI_handler_table @ 00001874 records: 2, size/record: 4, table size: 8
	index: 0, handler: __TI_decompress_rle24
	index: 1, handler: __TI_decompress_none


GLOBAL SYMBOLS: SORTED ALPHABETICALLY BY Name 

address   name                           
-------   ----                           
00000e2d  C$$EXIT                        
000011a5  GPIODirModeSet                 
000006cd  GPIOPadConfigSet               
0000104d  GPIOPinConfigure               
0000120f  GPIOPinTypeGPIOOutput          
00001269  GPIOPinTypeSSI                 
0000127b  GPIOPinTypeUART                
000012f1  GPIOPinWrite                   
00000ed1  InitConsole                    
000012f7  ResetISR                       
UNDEFED   SHT$$INIT_ARRAY$$Base          
UNDEFED   SHT$$INIT_ARRAY$$Limit         
000012e9  SSIBusy                        
000012fd  SSIClockSourceSet              
000010d5  SSIConfigSetExpClk             
000012bf  SSIDataGet                     
0000128d  SSIDataGetNonBlocking          
000012cb  SSIDataPut                     
000012d5  SSIDisable                     
000012df  SSIEnable                      
00000a05  SSI_init                       
00001145  SSI_write                      
00000801  SysCtlClockGet                 
00000911  SysCtlClockSet                 
00001303  SysCtlDelay                    
00001111  SysCtlPeripheralEnable         
00000e81  SysCtlPeripheralReset          
00001241  SysTickEnable                  
000012a1  SysTickPeriodSet               
00000d85  Timer0IntHandler               
00001315  TimerIntClear                  
00001309  UARTClockSourceSet             
00000bd9  UARTStdioConfig                
000011cf  UARTprintf                     
0000026d  UARTvprintf                    
00000d29  UARTwrite                      
20000520  __STACK_END                    
00000100  __STACK_SIZE                   
20000520  __STACK_TOP                    
0000187c  __TI_CINIT_Base                
0000188c  __TI_CINIT_Limit               
00001874  __TI_Handler_Table_Base        
0000187c  __TI_Handler_Table_Limit       
00000c4d  __TI_auto_init                 
20000400  __TI_cleanup_ptr               
000012b1  __TI_decompress_none           
0000130f  __TI_decompress_rle24          
20000404  __TI_dtors_ptr                 
20000408  __TI_enable_exit_profile_output
ffffffff  __TI_pprof_out_hndl            
ffffffff  __TI_prof_data_size            
ffffffff  __TI_prof_data_start           
00000000  __TI_static_base__             
00001227  __aeabi_idiv0                  
00000b5d  __aeabi_memclr                 
00000b5d  __aeabi_memclr4                
00000b5d  __aeabi_memclr8                
00000ac1  __aeabi_memcpy                 
00000ac1  __aeabi_memcpy4                
00000ac1  __aeabi_memcpy8                
00000b5f  __aeabi_memset                 
00000b5f  __aeabi_memset4                
00000b5f  __aeabi_memset8                
00001095  __aeabi_uidiv                  
00001095  __aeabi_uidivmod               
ffffffff  __binit__                      
ffffffff  __c_args__                     
0000129f  __mpu_init                     
20000420  __stack                        
00001229  _args_main                     
00000dd9  _c_int00                       
2000040c  _lock                          
00001263  _nop                           
0000125b  _register_lock                 
00001255  _register_unlock               
0000131d  _system_post_cinit             
00001319  _system_pre_init               
20000410  _unlock                        
00000e31  abort                          
ffffffff  binit                          
00001001  copy_in                        
00000e39  exit                           
00000000  g_pfnVectors                   
00000f1d  main                           
2000041c  main_func_sp                   
00000ac1  memcpy                         
00000b65  memset                         
00001175  oledClear                      
00000579  oledInit                       
000011f3  oledPrintln                    
00000f69  oledWrite                      
00000fb5  oledWriteText                  
20000520  timerACounter                  


GLOBAL SYMBOLS: SORTED BY Symbol Address 

address   name                           
-------   ----                           
00000000  __TI_static_base__             
00000000  g_pfnVectors                   
00000100  __STACK_SIZE                   
0000026d  UARTvprintf                    
00000579  oledInit                       
000006cd  GPIOPadConfigSet               
00000801  SysCtlClockGet                 
00000911  SysCtlClockSet                 
00000a05  SSI_init                       
00000ac1  __aeabi_memcpy                 
00000ac1  __aeabi_memcpy4                
00000ac1  __aeabi_memcpy8                
00000ac1  memcpy                         
00000b5d  __aeabi_memclr                 
00000b5d  __aeabi_memclr4                
00000b5d  __aeabi_memclr8                
00000b5f  __aeabi_memset                 
00000b5f  __aeabi_memset4                
00000b5f  __aeabi_memset8                
00000b65  memset                         
00000bd9  UARTStdioConfig                
00000c4d  __TI_auto_init                 
00000d29  UARTwrite                      
00000d85  Timer0IntHandler               
00000dd9  _c_int00                       
00000e2d  C$$EXIT                        
00000e31  abort                          
00000e39  exit                           
00000e81  SysCtlPeripheralReset          
00000ed1  InitConsole                    
00000f1d  main                           
00000f69  oledWrite                      
00000fb5  oledWriteText                  
00001001  copy_in                        
0000104d  GPIOPinConfigure               
00001095  __aeabi_uidiv                  
00001095  __aeabi_uidivmod               
000010d5  SSIConfigSetExpClk             
00001111  SysCtlPeripheralEnable         
00001145  SSI_write                      
00001175  oledClear                      
000011a5  GPIODirModeSet                 
000011cf  UARTprintf                     
000011f3  oledPrintln                    
0000120f  GPIOPinTypeGPIOOutput          
00001227  __aeabi_idiv0                  
00001229  _args_main                     
00001241  SysTickEnable                  
00001255  _register_unlock               
0000125b  _register_lock                 
00001263  _nop                           
00001269  GPIOPinTypeSSI                 
0000127b  GPIOPinTypeUART                
0000128d  SSIDataGetNonBlocking          
0000129f  __mpu_init                     
000012a1  SysTickPeriodSet               
000012b1  __TI_decompress_none           
000012bf  SSIDataGet                     
000012cb  SSIDataPut                     
000012d5  SSIDisable                     
000012df  SSIEnable                      
000012e9  SSIBusy                        
000012f1  GPIOPinWrite                   
000012f7  ResetISR                       
000012fd  SSIClockSourceSet              
00001303  SysCtlDelay                    
00001309  UARTClockSourceSet             
0000130f  __TI_decompress_rle24          
00001315  TimerIntClear                  
00001319  _system_pre_init               
0000131d  _system_post_cinit             
00001874  __TI_Handler_Table_Base        
0000187c  __TI_CINIT_Base                
0000187c  __TI_Handler_Table_Limit       
0000188c  __TI_CINIT_Limit               
20000400  __TI_cleanup_ptr               
20000404  __TI_dtors_ptr                 
20000408  __TI_enable_exit_profile_output
2000040c  _lock                          
20000410  _unlock                        
2000041c  main_func_sp                   
20000420  __stack                        
20000520  __STACK_END                    
20000520  __STACK_TOP                    
20000520  timerACounter                  
ffffffff  __TI_pprof_out_hndl            
ffffffff  __TI_prof_data_size            
ffffffff  __TI_prof_data_start           
ffffffff  __binit__                      
ffffffff  __c_args__                     
ffffffff  binit                          
UNDEFED   SHT$$INIT_ARRAY$$Base          
UNDEFED   SHT$$INIT_ARRAY$$Limit         

[93 symbols]
