******************************************************************************
                  TI ARM Linker PC v5.2.6                      
******************************************************************************
>> Linked Sun May 15 23:14:47 2016

OUTPUT FILE NAME:   <project0.out>
ENTRY POINT SYMBOL: "_c_int00"  address: 00000955


MEMORY CONFIGURATION

         name            origin    length      used     unused   attr    fill
----------------------  --------  ---------  --------  --------  ----  --------
  FLASH                 00000000   00040000  00000e36  0003f1ca  R  X
  SRAM                  20000000   00008000  00000855  000077ab  RW X


SEGMENT ALLOCATION MAP

run origin  load origin   length   init length attrs members
----------  ----------- ---------- ----------- ----- -------
00000000    00000000    00000e38   00000e38    r-x
  00000000    00000000    0000026c   0000026c    r-- .intvecs
  0000026c    0000026c    00000a3c   00000a3c    r-x .text
  00000ca8    00000ca8    0000012e   0000012e    r-- .const
  00000dd8    00000dd8    00000060   00000060    r-- .cinit
20000000    20000000    00000855   00000000    rw-
  20000000    20000000    00000800   00000000    rw- .stack
  20000800    20000800    00000050   00000000    rw- .data
  20000850    20000850    00000005   00000000    rw- .bss


SECTION ALLOCATION MAP

 output                                  attributes/
section   page    origin      length       input sections
--------  ----  ----------  ----------   ----------------
.intvecs   0    00000000    0000026c     
                  00000000    0000026c     startup_ccs.obj (.intvecs)

.text      0    0000026c    00000a3c     
                  0000026c    00000132     driverlib.lib : gpio.obj (.text:GPIOPadConfigSet)
                  0000039e    00000002     startup_ccs.obj (.text:FaultISR)
                  000003a0    000000f4     driverlib.lib : sysctl.obj (.text:SysCtlClockSet)
                  00000494    0000009c     rtsv7M4_T_le_v4SPD16_eabi.lib : memcpy_t2.obj (.text)
                  00000530    00000080     project0.obj (.text:Timer0IntHandler)
                  000005b0    0000007a     rtsv7M4_T_le_v4SPD16_eabi.lib : memset_t2.obj (.text)
                  0000062a    00000002     startup_ccs.obj (.text:IntDefaultHandler)
                  0000062c    00000074     project0.obj (.text:SSI0IntHandler)
                  000006a0    00000074     project0.obj (.text:UARTStdioConfig)
                  00000714    0000006c     rtsv7M4_T_le_v4SPD16_eabi.lib : autoinit.obj (.text)
                  00000780    0000006a                                   : copy_decompress_rle.obj (.text)
                  000007ea    00000002     startup_ccs.obj (.text:NmiSR)
                  000007ec    00000068     driverlib.lib : interrupt.obj (.text:IntEnable)
                  00000854    00000060                   : timer.obj (.text:TimerConfigure)
                  000008b4    00000050     project0.obj (.text:TIMER_init)
                  00000904    00000050     project0.obj (.text:lowByte)
                  00000954    00000050     rtsv7M4_T_le_v4SPD16_eabi.lib : boot.obj (.text)
                  000009a4    0000004c     project0.obj (.text:InitConsole)
                  000009f0    0000004c     rtsv7M4_T_le_v4SPD16_eabi.lib : cpy_tbl.obj (.text)
                  00000a3c    00000048     driverlib.lib : gpio.obj (.text:GPIOPinConfigure)
                  00000a84    00000048     project0.obj (.text:highByte)
                  00000acc    00000044     rtsv7M4_T_le_v4SPD16_eabi.lib : exit.obj (.text)
                  00000b10    0000003a     project0.obj (.text:send24bit)
                  00000b4a    00000002     --HOLE-- [fill = 0]
                  00000b4c    00000034     driverlib.lib : sysctl.obj (.text:SysCtlPeripheralEnable)
                  00000b80    0000002c     project0.obj (.text:uDMAErrorHandler)
                  00000bac    0000002a     driverlib.lib : gpio.obj (.text:GPIODirModeSet)
                  00000bd6    00000018                   : gpio.obj (.text:GPIOPinTypeGPIOOutput)
                  00000bee    00000002     --HOLE-- [fill = 0]
                  00000bf0    00000018     project0.obj (.text:main)
                  00000c08    00000018     rtsv7M4_T_le_v4SPD16_eabi.lib : args_main.obj (.text)
                  00000c20    00000014                                   : _lock.obj (.text)
                  00000c34    00000012     driverlib.lib : gpio.obj (.text:GPIOPinTypeUART)
                  00000c46    00000012                   : timer.obj (.text:TimerLoadSet)
                  00000c58    0000000e                   : timer.obj (.text:TimerEnable)
                  00000c66    0000000e     rtsv7M4_T_le_v4SPD16_eabi.lib : copy_decompress_none.obj (.text:decompress:none)
                  00000c74    0000000c                                   : copy_zero_init.obj (.text:decompress:ZI)
                  00000c80    00000008     driverlib.lib : timer.obj (.text:TimerIntEnable)
                  00000c88    00000006     startup_ccs.obj (.text:ResetISR)
                  00000c8e    00000006     driverlib.lib : sysctl.obj (.text:SysCtlDelay)
                  00000c94    00000006                   : uart.obj (.text:UARTClockSourceSet)
                  00000c9a    00000006     rtsv7M4_T_le_v4SPD16_eabi.lib : copy_decompress_rle.obj (.text:decompress:rle24)
                  00000ca0    00000004     driverlib.lib : timer.obj (.text:TimerIntClear)
                  00000ca4    00000004     rtsv7M4_T_le_v4SPD16_eabi.lib : pre_init.obj (.text)

.const     0    00000ca8    0000012e     
                  00000ca8    00000090     driverlib.lib : gpio.obj (.const:g_pui32GPIOBaseAddrs)
                  00000d38    00000070                   : interrupt.obj (.const)
                  00000da8    0000001c     project0.obj (.const)
                  00000dc4    00000012     project0.obj (.const:.string)

.cinit     0    00000dd8    00000060     
                  00000dd8    0000003b     (.cinit..data.load) [load image, compression = rle]
                  00000e13    00000001     --HOLE-- [fill = 0]
                  00000e14    0000000c     (__TI_handler_table)
                  00000e20    00000008     (.cinit..bss.load) [load image, compression = zero_init]
                  00000e28    00000010     (__TI_cinit_table)

.init_array 
*          0    00000000    00000000     UNINITIALIZED

.stack     0    20000000    00000800     UNINITIALIZED
                  20000000    00000800     --HOLE--

.data      0    20000800    00000050     UNINITIALIZED
                  20000800    00000039     project0.obj (.data)
                  20000839    00000003     --HOLE--
                  2000083c    00000008     rtsv7M4_T_le_v4SPD16_eabi.lib : _lock.obj (.data)
                  20000844    00000008                                   : exit.obj (.data)
                  2000084c    00000004                                   : stkdepth_vars.obj (.data)

.bss       0    20000850    00000005     UNINITIALIZED
                  20000850    00000004     (.common:g_ui8SSITxBuf)
                  20000854    00000001     (.common:gColour)

.TI.persistent 
*          0    20000800    00000000     UNINITIALIZED

.TI.noinit 
*          0    20000850    00000000     UNINITIALIZED


LINKER GENERATED COPY TABLES

__TI_cinit_table @ 00000e28 records: 2, size/record: 8, table size: 16
	.data: load addr=00000dd8, load size=0000003b bytes, run addr=20000800, run size=00000050 bytes, compression=rle
	.bss: load addr=00000e20, load size=00000008 bytes, run addr=20000850, run size=00000005 bytes, compression=zero_init


LINKER GENERATED HANDLER TABLE

__TI_handler_table @ 00000e14 records: 3, size/record: 4, table size: 12
	index: 0, handler: __TI_decompress_rle24
	index: 1, handler: __TI_decompress_none
	index: 2, handler: __TI_zero_init


GLOBAL SYMBOLS: SORTED ALPHABETICALLY BY Name 

address   name                    
-------   ----                    
00000acd  C$$EXIT                 
00000bad  GPIODirModeSet          
0000026d  GPIOPadConfigSet        
00000a3d  GPIOPinConfigure        
00000bd7  GPIOPinTypeGPIOOutput   
00000c35  GPIOPinTypeUART         
000009a5  InitConsole             
000007ed  IntEnable               
00000c89  ResetISR                
UNDEFED   SHT$$INIT_ARRAY$$Base   
UNDEFED   SHT$$INIT_ARRAY$$Limit  
0000062d  SSI0IntHandler          
000003a1  SysCtlClockSet          
00000c8f  SysCtlDelay             
00000b4d  SysCtlPeripheralEnable  
000008b5  TIMER_init              
00000531  Timer0IntHandler        
00000855  TimerConfigure          
00000c59  TimerEnable             
00000ca1  TimerIntClear           
00000c81  TimerIntEnable          
00000c47  TimerLoadSet            
00000c95  UARTClockSourceSet      
000006a1  UARTStdioConfig         
20000800  __STACK_END             
00000800  __STACK_SIZE            
20000100  __STACK_TOP             
00000e28  __TI_CINIT_Base         
00000e38  __TI_CINIT_Limit        
00000e14  __TI_Handler_Table_Base 
00000e20  __TI_Handler_Table_Limit
00000715  __TI_auto_init          
20000844  __TI_cleanup_ptr        
00000c67  __TI_decompress_none    
00000c9b  __TI_decompress_rle24   
20000848  __TI_dtors_ptr          
00000000  __TI_static_base__      
00000c75  __TI_zero_init          
000005b1  __aeabi_memclr          
000005b1  __aeabi_memclr4         
000005b1  __aeabi_memclr8         
00000495  __aeabi_memcpy          
00000495  __aeabi_memcpy4         
00000495  __aeabi_memcpy8         
000005b3  __aeabi_memset          
000005b3  __aeabi_memset4         
000005b3  __aeabi_memset8         
ffffffff  __binit__               
ffffffff  __c_args__              
20000000  __stack                 
00000c09  _args_main              
00000955  _c_int00                
2000083c  _lock                   
00000c2f  _nop                    
00000c27  _register_lock          
00000c21  _register_unlock        
00000ca5  _system_pre_init        
20000840  _unlock                 
00000ad1  abort                   
ffffffff  binit                   
000009f1  copy_in                 
00000ad9  exit                    
20000854  gColour                 
00000000  g_pfnVectors            
00000a85  highByte                
00000905  lowByte                 
00000bf1  main                    
2000084c  main_func_sp            
00000495  memcpy                  
000005b9  memset                  
20000804  rgbColours              
00000b11  send24bit               
20000824  ssiData                 
00000b81  uDMAErrorHandler        


GLOBAL SYMBOLS: SORTED BY Symbol Address 

address   name                    
-------   ----                    
00000000  __TI_static_base__      
00000000  g_pfnVectors            
0000026d  GPIOPadConfigSet        
000003a1  SysCtlClockSet          
00000495  __aeabi_memcpy          
00000495  __aeabi_memcpy4         
00000495  __aeabi_memcpy8         
00000495  memcpy                  
00000531  Timer0IntHandler        
000005b1  __aeabi_memclr          
000005b1  __aeabi_memclr4         
000005b1  __aeabi_memclr8         
000005b3  __aeabi_memset          
000005b3  __aeabi_memset4         
000005b3  __aeabi_memset8         
000005b9  memset                  
0000062d  SSI0IntHandler          
000006a1  UARTStdioConfig         
00000715  __TI_auto_init          
000007ed  IntEnable               
00000800  __STACK_SIZE            
00000855  TimerConfigure          
000008b5  TIMER_init              
00000905  lowByte                 
00000955  _c_int00                
000009a5  InitConsole             
000009f1  copy_in                 
00000a3d  GPIOPinConfigure        
00000a85  highByte                
00000acd  C$$EXIT                 
00000ad1  abort                   
00000ad9  exit                    
00000b11  send24bit               
00000b4d  SysCtlPeripheralEnable  
00000b81  uDMAErrorHandler        
00000bad  GPIODirModeSet          
00000bd7  GPIOPinTypeGPIOOutput   
00000bf1  main                    
00000c09  _args_main              
00000c21  _register_unlock        
00000c27  _register_lock          
00000c2f  _nop                    
00000c35  GPIOPinTypeUART         
00000c47  TimerLoadSet            
00000c59  TimerEnable             
00000c67  __TI_decompress_none    
00000c75  __TI_zero_init          
00000c81  TimerIntEnable          
00000c89  ResetISR                
00000c8f  SysCtlDelay             
00000c95  UARTClockSourceSet      
00000c9b  __TI_decompress_rle24   
00000ca1  TimerIntClear           
00000ca5  _system_pre_init        
00000e14  __TI_Handler_Table_Base 
00000e20  __TI_Handler_Table_Limit
00000e28  __TI_CINIT_Base         
00000e38  __TI_CINIT_Limit        
20000000  __stack                 
20000100  __STACK_TOP             
20000800  __STACK_END             
20000804  rgbColours              
20000824  ssiData                 
2000083c  _lock                   
20000840  _unlock                 
20000844  __TI_cleanup_ptr        
20000848  __TI_dtors_ptr          
2000084c  main_func_sp            
20000854  gColour                 
ffffffff  __binit__               
ffffffff  __c_args__              
ffffffff  binit                   
UNDEFED   SHT$$INIT_ARRAY$$Base   
UNDEFED   SHT$$INIT_ARRAY$$Limit  

[74 symbols]
